[backblue.gif]
[fade.gif]
[index.html]
[www.shadow-garden-mog.jp/wp-content/themes/webview/images/common/appletouch.png]
[www.shadow-garden-mog.jp/en/information/index8326.html]
[www.shadow-garden-mog.jp/en/information/news/gacha-221207-01/index8326.html]
[www.shadow-garden-mog.jp/en/information/news/gacha-230720-01/index8326.html]
[www.shadow-garden-mog.jp/en/information/news/gacha-230817-01/index8326.html]
[www.shadow-garden-mog.jp/en/information/news/gacha-230831-01/index8326.html]
[www.shadow-garden-mog.jp/en/information/news/gacha-230831-02/index8326.html]
[www.shadow-garden-mog.jp/en/information/news/gacha-230907-01/index8326.html]
[www.shadow-garden-mog.jp/en/information/news/gacha-230914-01/index8326.html]
[www.shadow-garden-mog.jp/en/information/news/gacha-230928-01/index8326.html]
[www.shadow-garden-mog.jp/en/information/news/gacha-230928-04/index8326.html]
[www.shadow-garden-mog.jp/en/information/news/gacha-231005-01/index8326.html]
[www.shadow-garden-mog.jp/en/information/news/gacha-231012-01/index8326.html]
[www.shadow-garden-mog.jp/en/information/news/gacha-231026-01/index8326.html]
[www.shadow-garden-mog.jp/en/information/news/gacha-231109-01/index8326.html]
[www.shadow-garden-mog.jp/en/information/news/gacha-231123-01/index8326.html]
[www.shadow-garden-mog.jp/en/information/news/gacha-231130-01/index8326.html]
[www.shadow-garden-mog.jp/en/information/news/gacha-231207-01/index8326.html]
[www.shadow-garden-mog.jp/en/information/news/gacha-231214-01/index8326.html]
[www.shadow-garden-mog.jp/en/information/news/gacha-231221-01/index8326.html]
[www.shadow-garden-mog.jp/en/information/news/gacha-231228-01/index8326.html]
[www.shadow-garden-mog.jp/en/information/news/gacha-240101-01/index8326.html]
[www.shadow-garden-mog.jp/en/information/news/gacha-240121-01/index8326.html]
[www.shadow-garden-mog.jp/en/information/news/gacha-240121-02/index8326.html]
[www.shadow-garden-mog.jp/wp-content/themes/webview/images/common/appletouch.html]
